// Jest Snapshot v1, https://goo.gl/fbAQLP

exports[`should render correctly 1`] = `
<div
  className="not-found-container"
>
  <div
    className="mako-grid__row logo-container sg-center"
  >
    <div
      className="mako-grid__col-2 col-start-6"
    >
      <img
        alt="sg-logo"
        className="err-logo sg-center"
        data-test="err-logo"
        src="https://sendgrid.com/brand/sg-logo-white.png"
      />
    </div>
    <div
      className="mako-grid__row"
      data-test="err-msg"
    >
      <div
        className="mako-grid__col-4 col-start-5"
      >
        <h1>
          404: Page Not Found
        </h1>
      </div>
      <div
        className="space-1"
      />
      <div
        className="mako-grid__col-4 col-start-5"
      >
        <p
          className="not-found-subtext sg-center"
        >
          Looks like you've fallen off the grid.
        </p>
      </div>
      <div
        className="mako-grid__col-4 col-start-5"
      >
        <span
          className="btn btn-secondary btn-on-dark sg-centers"
          data-test="err-btn"
        >
          <a
            href="/bounce_rules"
            onClick={[Function]}
          >
             
            Go To Home Page
          </a>
        </span>
      </div>
    </div>
  </div>
</div>
`;
