// Jest Snapshot v1, https://goo.gl/fbAQLP

exports[`Bounce Activity Page should render correctly 1`] = `
<div
  data-test="activity-log-page"
>
  <div
    className="header-container"
  >
    <div
      className="mako-grid__row"
    >
      <div
        className="mako-grid__col-3 col-start-2"
      >
        <img
          alt="sendgrid-logo"
          className="sg-logo"
          data-test="sg-logo"
          src="https://uiux.s3.amazonaws.com/toggleable-logos/header-logo.svg"
          style={
            Object {
              "maxWidth": "150px",
            }
          }
        />
      </div>
      <div
        className="mako-grid__col-2 col-start-10"
      >
        <div
          className="header-user-container"
        >
          <span
            className="header-greeting"
            data-test="user-greeting"
          >
            Hello, 
            User
            !
          </span>
          <a
            className="header-logout"
            data-test="logout-button"
            role="button"
            tabIndex={0}
          >
            Logout
          </a>
        </div>
      </div>
    </div>
  </div>
  <div
    className="mako-grid__row"
  >
    <div
      className="mako-grid__col-6 col-start-2"
    >
      <ol
        className="breadcrumb"
      >
        <li>
          <a
            href="/activity_log"
            onClick={[Function]}
          >
             Activity Log
          </a>
        </li>
        <li />
      </ol>
    </div>
  </div>
  <div
    className="mako-grid__row"
  >
    <div
      className="mako-grid__col-10 col-start-2"
    >
      <ul
        className="tab-wrapper page-tab"
      >
        <li
          className="tab"
          onClick={[Function]}
        >
          Bounce Rules
           
        </li>
        <li
          className="tab undefined is-active"
          onClick={[Function]}
        >
          Activity Log
           
        </li>
      </ul>
    </div>
  </div>
  <div
    className="mako-grid__row"
  >
    <div
      className="mako-grid__col-4 col-start-8 csv-button-col"
    >
      <a
        className="sg-button btn btn-secondary sg-right"
        data-test="export-csv-button"
        download="activity_log.csv"
        href="data:text/csv;charset=utf-8,ï»¿\\"id\\",\\"response_code\\",\\"enhanced_code\\",\\"regex\\",\\"priority\\",\\"description\\",\\"bounce_action\\",\\"user_id\\",\\"created_at\\",\\"comment\\",\\"operation\\"
\\"173\\",\\"421\\",\\"sdfsfdfadf\\",\\"fewgfgsdfg\\",\\"1\\",\\"RFC5321Servicenotavailable\\",\\"retry\\",\\"1\\",\\"1\\",\\"Inital Setup\\",\\"Create\\"
\\"174\\",\\"450\\",\\"sadfasdf\\",\\"asdfsdfd\\",\\"0\\",\\"RFC5321Mailboxunavailable\\",\\"retry\\",\\"1\\",\\"2\\",\\"Inital Setup\\",\\"Create\\"
\\"175\\",\\"451\\",\\"sdfsdf\\",\\"sdfasf\\",\\"1\\",\\"RFC5321Localerrorinprocessing\\",\\"retry\\",\\"1\\",\\"3\\",\\"Inital Setup\\",\\"Create\\"
\\"176\\",\\"452\\",\\"sdfgerg\\",\\"dsfgsdfg\\",\\"1\\",\\"RFC5321Insufficientsystemstorage\\",\\"retry\\",\\"1\\",\\"4\\",\\"Inital Setup\\",\\"Create\\"
\\"177\\",\\"454\\",\\"sdfgsdfg\\",\\"dfgdfg\\",\\"1\\",\\"RFC3207TLSnotavailable\\",\\"retry\\",\\"1\\",\\"5\\",\\"Inital Setup\\",\\"Create\\"
\\"178\\",\\"455\\",\\"sdfgreg\\",\\"sdfgsdfg\\",\\"0\\",\\"RFC5321Serverunabletoaccomodateparameters\\",\\"retry\\",\\"1\\",\\"6\\",\\"Inital Setup\\",\\"Create\\"
\\"179\\",\\"500\\",\\"dfgsdfgre\\",\\"dsfgsd\\",\\"0\\",\\"RFC5321Syntaxerrorcommandunrecognized\\",\\"no_action\\",\\"1\\",\\"7\\",\\"Inital Setup\\",\\"Create\\"
\\"180\\",\\"501\\",\\"sdfgdsfg\\",\\"dfgsfg\\",\\"1\\",\\"RFC5321Syntaxerrorinparametersorarguments\\",\\"no_action\\",\\"1\\",\\"8\\",\\"Inital Setup\\",\\"Create\\"
\\"181\\",\\"502\\",\\"fdgert\\",\\"sdfg\\",\\"1\\",\\"RFC5321Commandnotimplemented\\",\\"no_action\\",\\"1\\",\\"9\\",\\"Inital Setup\\",\\"Create\\""
        onClick={[Function]}
        target="_self"
      >
        Export CSV
      </a>
    </div>
  </div>
  <div
    className="mako-grid__row"
  >
    <div
      className="mako-grid__col-10 col-start-2"
    >
      <div
        data-test="rule-filter"
      >
        <div
          className="filter-wrap"
        >
          <div
            className="filter-header"
          >
            <p
              className="filter-title"
            >
              Search activity by 
              <a
                className="filter-option-toggle"
                href="#"
              >
                all
              </a>
               of the following:
            </p>
            <div
              className="btn-list"
            >
              <button
                className="btn btn-secondary btn-small"
                disabled={false}
                onClick={[Function]}
                type="button"
              >
                Clear Search
              </button>
            </div>
          </div>
          <div
            className="filter-list"
          >
            <div
              className="mako-grid__row"
            >
              <div
                className="mako-grid__col-3 col-start-1"
              >
                <div
                  className="input-select-wrap"
                >
                  <div
                    className="css-5jw5i7 select-filter"
                    onKeyDown={[Function]}
                  >
                    <div
                      className="css-12nb859"
                      onMouseDown={[Function]}
                      onTouchEnd={[Function]}
                    >
                      <div
                        className="css-1m8oe7c"
                      >
                        <div
                          className="css-1v8euj5"
                        >
                          Bounce Action
                        </div>
                        <div
                          className="css-1g6gooi"
                        >
                          <div
                            className=""
                            style={
                              Object {
                                "display": "inline-block",
                              }
                            }
                          >
                            <input
                              aria-autocomplete="list"
                              autoCapitalize="none"
                              autoComplete="off"
                              autoCorrect="off"
                              disabled={false}
                              id="react-select-2-input"
                              onBlur={[Function]}
                              onChange={[Function]}
                              onFocus={[Function]}
                              spellCheck="false"
                              style={
                                Object {
                                  "background": 0,
                                  "border": 0,
                                  "boxSizing": "content-box",
                                  "color": "inherit",
                                  "fontSize": "inherit",
                                  "opacity": 1,
                                  "outline": 0,
                                  "padding": 0,
                                  "width": "1px",
                                }
                              }
                              tabIndex="0"
                              type="text"
                              value=""
                            />
                            <div
                              style={
                                Object {
                                  "height": 0,
                                  "left": 0,
                                  "overflow": "scroll",
                                  "position": "absolute",
                                  "top": 0,
                                  "visibility": "hidden",
                                  "whiteSpace": "pre",
                                }
                              }
                            >
                              
                            </div>
                          </div>
                        </div>
                      </div>
                      <div
                        className="css-1wy0on6"
                      >
                        <span
                          className="css-0"
                        />
                        <div
                          aria-hidden="true"
                          className="css-86sq3t"
                          onMouseDown={[Function]}
                          onTouchEnd={[Function]}
                        >
                          <svg
                            aria-hidden="true"
                            className="css-19bqh2r"
                            focusable="false"
                            height={20}
                            viewBox="0 0 20 20"
                            width={20}
                          >
                            <path
                              d="M4.516 7.548c0.436-0.446 1.043-0.481 1.576 0l3.908 3.747 3.908-3.747c0.533-0.481 1.141-0.446 1.574 0 0.436 0.445 0.408 1.197 0 1.615-0.406 0.418-4.695 4.502-4.695 4.502-0.217 0.223-0.502 0.335-0.787 0.335s-0.57-0.112-0.789-0.335c0 0-4.287-4.084-4.695-4.502s-0.436-1.17 0-1.615z"
                            />
                          </svg>
                        </div>
                      </div>
                    </div>
                    <input
                      name="primary-filter"
                      type="hidden"
                      value="Bounce Action"
                    />
                  </div>
                </div>
              </div>
              <div
                className="mako-grid__col-9 col-start-4"
              >
                <div
                  className="input-text-wrap"
                  style={
                    Object {
                      "width": "100%",
                    }
                  }
                >
                  <label
                    className="input-text-label"
                  >
                    Description
                  </label>
                  <input
                    aria-describedby={false}
                    onBlur={[Function]}
                    onChange={[Function]}
                    onFocus={[Function]}
                    step={null}
                    type="text"
                    value=""
                  />
                  
                </div>
              </div>
              <i
                className="filter-row-remove sg-icon sg-icon-x"
              />
            </div>
            <div
              className="mako-grid__row"
            >
              <div
                className="row btn-list filter-actions-container"
              >
                <button
                  className="btn btn-primary btn-small"
                  disabled={false}
                  onClick={[Function]}
                  type="button"
                >
                  Add a Filter
                </button>
              </div>
            </div>
          </div>
        </div>
      </div>
    </div>
  </div>
  <div
    className="mako-grid__row"
  >
    <div
      className="mako-grid__col-10 col-start-2"
    >
      <div
        data-test="activity-table"
      >
        <table
          className="table-wrap activity-table"
        >
          <thead>
            <tr>
              <th
                className="row-date"
                onClick={[Function]}
              >
                Date
              </th>
              <th
                className="row-user"
                onClick={[Function]}
              >
                User
              </th>
              <th
                className="row-activity"
                onClick={[Function]}
              >
                Activity
              </th>
              <th
                className="row-message"
                onClick={[Function]}
              >
                Commit Message
              </th>
              <th
                className="actions-cell row-action"
                onClick={[Function]}
              >
                Actions
              </th>
            </tr>
          </thead>
          <tbody>
            <tr
              data-id={173}
              data-time={1}
            >
              <td>
                12/31/1969 4:00:01 PM
              </td>
              <td>
                1
              </td>
              <td
                className="create"
              >
                Create
              </td>
              <td>
                Inital Setup
              </td>
              <td
                className="changelog-view-icon-cell"
              >
                <i
                  className="sg-icon sg-icon-view changelog-view-icon"
                  id="isActivityModalOpen"
                  index={0}
                  role="button"
                  rule-id={173}
                  tabIndex={0}
                />
              </td>
            </tr>
            <tr
              data-id={174}
              data-time={2}
            >
              <td>
                12/31/1969 4:00:02 PM
              </td>
              <td>
                1
              </td>
              <td
                className="create"
              >
                Create
              </td>
              <td>
                Inital Setup
              </td>
              <td
                className="changelog-view-icon-cell"
              >
                <i
                  className="sg-icon sg-icon-view changelog-view-icon"
                  id="isActivityModalOpen"
                  index={1}
                  role="button"
                  rule-id={174}
                  tabIndex={0}
                />
              </td>
            </tr>
            <tr
              data-id={175}
              data-time={3}
            >
              <td>
                12/31/1969 4:00:03 PM
              </td>
              <td>
                1
              </td>
              <td
                className="create"
              >
                Create
              </td>
              <td>
                Inital Setup
              </td>
              <td
                className="changelog-view-icon-cell"
              >
                <i
                  className="sg-icon sg-icon-view changelog-view-icon"
                  id="isActivityModalOpen"
                  index={2}
                  role="button"
                  rule-id={175}
                  tabIndex={0}
                />
              </td>
            </tr>
            <tr
              data-id={176}
              data-time={4}
            >
              <td>
                12/31/1969 4:00:04 PM
              </td>
              <td>
                1
              </td>
              <td
                className="create"
              >
                Create
              </td>
              <td>
                Inital Setup
              </td>
              <td
                className="changelog-view-icon-cell"
              >
                <i
                  className="sg-icon sg-icon-view changelog-view-icon"
                  id="isActivityModalOpen"
                  index={3}
                  role="button"
                  rule-id={176}
                  tabIndex={0}
                />
              </td>
            </tr>
            <tr
              data-id={177}
              data-time={5}
            >
              <td>
                12/31/1969 4:00:05 PM
              </td>
              <td>
                1
              </td>
              <td
                className="create"
              >
                Create
              </td>
              <td>
                Inital Setup
              </td>
              <td
                className="changelog-view-icon-cell"
              >
                <i
                  className="sg-icon sg-icon-view changelog-view-icon"
                  id="isActivityModalOpen"
                  index={4}
                  role="button"
                  rule-id={177}
                  tabIndex={0}
                />
              </td>
            </tr>
            <tr
              data-id={178}
              data-time={6}
            >
              <td>
                12/31/1969 4:00:06 PM
              </td>
              <td>
                1
              </td>
              <td
                className="create"
              >
                Create
              </td>
              <td>
                Inital Setup
              </td>
              <td
                className="changelog-view-icon-cell"
              >
                <i
                  className="sg-icon sg-icon-view changelog-view-icon"
                  id="isActivityModalOpen"
                  index={5}
                  role="button"
                  rule-id={178}
                  tabIndex={0}
                />
              </td>
            </tr>
            <tr
              data-id={179}
              data-time={7}
            >
              <td>
                12/31/1969 4:00:07 PM
              </td>
              <td>
                1
              </td>
              <td
                className="create"
              >
                Create
              </td>
              <td>
                Inital Setup
              </td>
              <td
                className="changelog-view-icon-cell"
              >
                <i
                  className="sg-icon sg-icon-view changelog-view-icon"
                  id="isActivityModalOpen"
                  index={6}
                  role="button"
                  rule-id={179}
                  tabIndex={0}
                />
              </td>
            </tr>
            <tr
              data-id={180}
              data-time={8}
            >
              <td>
                12/31/1969 4:00:08 PM
              </td>
              <td>
                1
              </td>
              <td
                className="create"
              >
                Create
              </td>
              <td>
                Inital Setup
              </td>
              <td
                className="changelog-view-icon-cell"
              >
                <i
                  className="sg-icon sg-icon-view changelog-view-icon"
                  id="isActivityModalOpen"
                  index={7}
                  role="button"
                  rule-id={180}
                  tabIndex={0}
                />
              </td>
            </tr>
            <tr
              data-id={181}
              data-time={9}
            >
              <td>
                12/31/1969 4:00:09 PM
              </td>
              <td>
                1
              </td>
              <td
                className="create"
              >
                Create
              </td>
              <td>
                Inital Setup
              </td>
              <td
                className="changelog-view-icon-cell"
              >
                <i
                  className="sg-icon sg-icon-view changelog-view-icon"
                  id="isActivityModalOpen"
                  index={8}
                  role="button"
                  rule-id={181}
                  tabIndex={0}
                />
              </td>
            </tr>
          </tbody>
        </table>
      </div>
    </div>
  </div>
  <div
    className="mako-grid__row"
  >
    <div
      className="mako-grid__col-10 col-start-2"
    >
      <div
        className="pagination pagination-container"
        data-test="pagination"
      >
        <a
          className="btn btn-secondary btn-small pagination-prev is-invisible"
          onClick={[Function]}
          onKeyDown={[Function]}
          role="button"
          tabIndex="0"
        >
          Prev
        </a>
        <div
          className="pagination-links"
        >
          <a
            className="pagination-link is-active"
            onClick={[Function]}
            onKeyDown={[Function]}
            role="button"
            tabIndex="0"
            value={1}
          >
            1
          </a>
        </div>
        <a
          className="btn btn-secondary btn-small pagination-next is-invisible"
          onClick={[Function]}
          onKeyDown={[Function]}
          role="button"
          tabIndex="0"
        >
          Next
        </a>
      </div>
    </div>
  </div>
</div>
`;
